26-08-18 17:13:36.056 [main] INFO  c.c.s.m.Sb13MonewTeam04Application [ |  |  | ] - Starting Sb13MonewTeam04Application using Java 17.0.19 with PID 54704 (/Users/jangjunseo/Desktop/codei_13th_develop/pt2_4/monew/sb13-monew-team04/build/classes/java/main started by jangjunseo in /Users/jangjunseo/Desktop/codei_13th_develop/pt2_4/monew/sb13-monew-team04)
26-08-18 17:13:36.060 [main] DEBUG c.c.s.m.Sb13MonewTeam04Application [ |  |  | ] - Running with Spring Boot v4.1.0, Spring v7.0.8
26-08-18 17:13:36.060 [main] INFO  c.c.s.m.Sb13MonewTeam04Application [ |  |  | ] - No active profile set, falling back to 1 default profile: "dev"
26-08-18 17:13:36.172 [main] INFO  o.s.b.d.c.l.DockerComposeLifecycleManager [ |  |  | ] - Using Docker Compose file /Users/jangjunseo/Desktop/codei_13th_develop/pt2_4/monew/sb13-monew-team04/compose.yaml
26-08-18 17:13:37.317 [OutputReader-stderr] INFO  o.s.b.docker.compose.core.DockerCli [ |  |  | ] -  Container monew-postgres Starting 
26-08-18 17:13:38.800 [OutputReader-stderr] INFO  o.s.b.docker.compose.core.DockerCli [ |  |  | ] -  Container monew-postgres Started 
26-08-18 17:13:38.802 [OutputReader-stderr] INFO  o.s.b.docker.compose.core.DockerCli [ |  |  | ] -  Container monew-postgres Waiting 
26-08-18 17:13:50.333 [OutputReader-stderr] INFO  o.s.b.docker.compose.core.DockerCli [ |  |  | ] -  Container monew-postgres Healthy 
26-08-18 17:13:56.680 [main] INFO  o.s.d.r.c.RepositoryConfigurationDelegate [ |  |  | ] - Bootstrapping Spring Data JPA repositories in DEFAULT mode.
26-08-18 17:13:56.866 [main] INFO  o.s.d.r.c.RepositoryConfigurationDelegate [ |  |  | ] - Finished Spring Data repository scanning in 160 ms. Found 1 JPA repository interface.
26-08-18 17:13:59.344 [main] INFO  o.s.boot.tomcat.TomcatWebServer [ |  |  | ] - Tomcat initialized with port 8080 (http)
26-08-18 17:13:59.365 [main] INFO  o.a.catalina.core.StandardService [ |  |  | ] - Starting service [Tomcat]
26-08-18 17:13:59.366 [main] INFO  o.a.catalina.core.StandardEngine [ |  |  | ] - Starting Servlet engine: [Apache Tomcat/11.0.22]
26-08-18 17:13:59.586 [main] INFO  o.s.b.w.c.s.WebApplicationContextInitializer [ |  |  | ] - Root WebApplicationContext: initialization completed in 6290 ms
26-08-18 17:14:00.704 [main] INFO  org.flywaydb.core.FlywayExecutor [ |  |  | ] - Database: jdbc:postgresql://127.0.0.1:5433/monew?ApplicationName=sb13-monew-team04 (PostgreSQL 16.14)
26-08-18 17:14:00.993 [main] INFO  o.f.core.internal.command.DbValidate [ |  |  | ] - Successfully validated 2 migrations (execution time 00:00.078s)
26-08-18 17:14:01.117 [main] INFO  o.f.core.internal.command.DbMigrate [ |  |  | ] - Current version of schema "public": << Empty Schema >>
26-08-18 17:14:01.209 [main] INFO  o.f.core.internal.command.DbMigrate [ |  |  | ] - Migrating schema "public" to version "1 - init schema"
26-08-18 17:14:01.602 [main] INFO  o.f.core.internal.command.DbMigrate [ |  |  | ] - Migrating schema "public" to version "202608181717 - add unique constraint users email"
26-08-18 17:14:01.637 [main] INFO  o.f.core.internal.command.DbMigrate [ |  |  | ] - Successfully applied 2 migrations to schema "public", now at version v202608181717 (execution time 00:00.373s)
26-08-18 17:14:01.843 [main] INFO  org.hibernate.orm.jpa [ |  |  | ] - HHH008540: Processing PersistenceUnitInfo [name: default]
26-08-18 17:14:02.042 [main] INFO  org.hibernate.orm.core [ |  |  | ] - HHH000001: Hibernate ORM core version 7.4.1.Final
26-08-18 17:14:03.108 [main] INFO  o.s.o.j.p.SpringPersistenceUnitInfo [ |  |  | ] - No LoadTimeWeaver setup: ignoring JPA class transformer
26-08-18 17:14:03.203 [main] INFO  com.zaxxer.hikari.HikariDataSource [ |  |  | ] - HikariPool-1 - Starting...
26-08-18 17:14:03.497 [main] INFO  com.zaxxer.hikari.pool.HikariPool [ |  |  | ] - HikariPool-1 - Added connection org.postgresql.jdbc.PgConnection@53b8a0f7
26-08-18 17:14:03.497 [main] INFO  com.zaxxer.hikari.HikariDataSource [ |  |  | ] - HikariPool-1 - Start completed.
26-08-18 17:14:03.798 [main] INFO  o.hibernate.orm.connections.pooling [ |  |  | ] - HHH10001005: Database info:
	Database JDBC URL [jdbc:postgresql://127.0.0.1:5433/monew?ApplicationName=sb13-monew-team04]
	Database driver: PostgreSQL JDBC Driver
	Database dialect: PostgreSQLDialect
	Database version: 16.14
	Default catalog/schema: monew/public
	Autocommit mode: undefined/unknown
	Isolation level: READ_COMMITTED [default READ_COMMITTED]
	JDBC fetch size: none
	Pool: DataSourceConnectionProvider
	Minimum pool size: undefined/unknown
	Maximum pool size: undefined/unknown
26-08-18 17:14:05.620 [main] INFO  org.hibernate.orm.core [ |  |  | ] - HHH000489: No JTA platform available (set 'hibernate.transaction.jta.platform' to enable JTA platform integration)
26-08-18 17:14:05.641 [main] TRACE org.hibernate.orm.jdbc.batch [ |  |  | ] - Using standard JDBC batch builder
26-08-18 17:14:05.773 [main] INFO  o.s.o.j.LocalContainerEntityManagerFactoryBean [ |  |  | ] - Initialized JPA EntityManagerFactory for persistence unit 'default'
26-08-18 17:14:05.903 [main] INFO  o.s.d.j.r.q.QueryEnhancerFactories [ |  |  | ] - Hibernate is in classpath; If applicable, HQL parser will be used.
26-08-18 17:14:06.866 [main] INFO  o.s.boot.tomcat.TomcatWebServer [ |  |  | ] - Tomcat started on port 8080 (http) with context path '/'
26-08-18 17:14:06.872 [main] INFO  c.c.s.m.Sb13MonewTeam04Application [ |  |  | ] - Started Sb13MonewTeam04Application in 31.505 seconds (process running for 32.874)
26-08-18 17:14:06.875 [main] WARN  o.s.c.events.SpringDocAppInitializer [ |  |  | ] - SpringDoc /v3/api-docs endpoint is enabled by default. To disable it in production, set the property 'springdoc.api-docs.enabled=false'
26-08-18 17:14:06.875 [main] WARN  o.s.c.events.SpringDocAppInitializer [ |  |  | ] - SpringDoc /swagger-ui.html endpoint is enabled by default. To disable it in production, set the property 'springdoc.swagger-ui.enabled=false'
26-08-18 17:14:28.085 [SpringApplicationShutdownHook] INFO  o.s.boot.tomcat.GracefulShutdown [ |  |  | ] - Commencing graceful shutdown. Waiting for active requests to complete
26-08-18 17:14:28.219 [tomcat-shutdown] INFO  o.s.boot.tomcat.GracefulShutdown [ |  |  | ] - Graceful shutdown complete
26-08-18 17:14:28.265 [SpringApplicationShutdownHook] INFO  o.s.o.j.LocalContainerEntityManagerFactoryBean [ |  |  | ] - Closing JPA EntityManagerFactory for persistence unit 'default'
26-08-18 17:14:28.304 [SpringApplicationShutdownHook] INFO  com.zaxxer.hikari.HikariDataSource [ |  |  | ] - HikariPool-1 - Shutdown initiated...
26-08-18 17:14:28.331 [SpringApplicationShutdownHook] INFO  com.zaxxer.hikari.HikariDataSource [ |  |  | ] - HikariPool-1 - Shutdown completed.
